// Jest Snapshot v1, https://goo.gl/fbAQLP

exports[`should render DashboardPage Component correctly 1`] = `
<div>
  <ConnectFunction />
  <ConnectFunction />
  <ConnectFunction />
</div>
`;
