// Jest Snapshot v1, https://goo.gl/fbAQLP

exports[`should render PageNotFound Component correctly 1`] = `
<div>
  404 Oops page not found 
  <Link
    to="/"
  >
    Go Home
  </Link>
</div>
`;
